[INFO] Scanning for projects...
[INFO] 
[INFO] -------------------< com.quotation:QuotationSystem >--------------------
[INFO] Building QuotationSystem 0.0.1-SNAPSHOT
[INFO]   from pom.xml
[INFO] --------------------------------[ jar ]---------------------------------
[INFO] 
[INFO] >>> spring-boot:4.0.2:run (default-cli) > test-compile @ QuotationSystem >>>
[INFO] 
[INFO] --- resources:3.3.1:resources (default-resources) @ QuotationSystem ---
[INFO] Copying 1 resource from src/main/resources to target/classes
[INFO] Copying 8 resources from src/main/resources to target/classes
[INFO] 
[INFO] --- compiler:3.14.1:compile (default-compile) @ QuotationSystem ---
[INFO] Nothing to compile - all classes are up to date.
[INFO] 
[INFO] --- resources:3.3.1:testResources (default-testResources) @ QuotationSystem ---
[INFO] Copying 1 resource from src/test/resources to target/test-classes
[INFO] 
[INFO] --- compiler:3.14.1:testCompile (default-testCompile) @ QuotationSystem ---
[INFO] Nothing to compile - all classes are up to date.
[INFO] 
[INFO] <<< spring-boot:4.0.2:run (default-cli) < test-compile @ QuotationSystem <<<
[INFO] 
[INFO] 
[INFO] --- spring-boot:4.0.2:run (default-cli) @ QuotationSystem ---
[INFO] Attaching agents: []

  .   ____          _            __ _ _
 /\\ / ___'_ __ _ _(_)_ __  __ _ \ \ \ \
( ( )\___ | '_ | '_| | '_ \/ _` | \ \ \ \
 \\/  ___)| |_)| | | | | || (_| |  ) ) ) )
  '  |____| .__|_| |_|_| |_\__, | / / / /
 =========|_|==============|___/=/_/_/_/

 :: Spring Boot ::                (v4.0.2)

2026-02-11T11:27:50.946+05:30  INFO 5203 --- [QuotationSystem] [  restartedMain] c.quotation.QuotationSystemApplication   : Starting QuotationSystemApplication using Java 25.0.1 with PID 5203 (/Users/snehpatel/Documents/workspace-spring-tools-for-eclipse-5.0.1.RELEASE/QuatationSystem/target/classes started by snehpatel in /Users/snehpatel/Documents/workspace-spring-tools-for-eclipse-5.0.1.RELEASE/QuatationSystem)
2026-02-11T11:27:50.947+05:30 DEBUG 5203 --- [QuotationSystem] [  restartedMain] c.quotation.QuotationSystemApplication   : Running with Spring Boot v4.0.2, Spring v7.0.3
2026-02-11T11:27:50.947+05:30  INFO 5203 --- [QuotationSystem] [  restartedMain] c.quotation.QuotationSystemApplication   : No active profile set, falling back to 1 default profile: "default"
2026-02-11T11:27:50.963+05:30  INFO 5203 --- [QuotationSystem] [  restartedMain] .e.DevToolsPropertyDefaultsPostProcessor : Devtools property defaults active! Set 'spring.devtools.add-properties' to 'false' to disable
2026-02-11T11:27:50.963+05:30  INFO 5203 --- [QuotationSystem] [  restartedMain] .e.DevToolsPropertyDefaultsPostProcessor : For additional web related logging consider setting the 'logging.level.web' property to 'DEBUG'
2026-02-11T11:27:51.236+05:30  INFO 5203 --- [QuotationSystem] [  restartedMain] .s.d.r.c.RepositoryConfigurationDelegate : Bootstrapping Spring Data JPA repositories in DEFAULT mode.
2026-02-11T11:27:51.244+05:30  INFO 5203 --- [QuotationSystem] [  restartedMain] .s.d.r.c.RepositoryConfigurationDelegate : Finished Spring Data repository scanning in 4 ms. Found 0 JPA repository interfaces.
2026-02-11T11:27:51.501+05:30  INFO 5203 --- [QuotationSystem] [  restartedMain] o.s.boot.tomcat.TomcatWebServer          : Tomcat initialized with port 8080 (http)
2026-02-11T11:27:51.506+05:30  INFO 5203 --- [QuotationSystem] [  restartedMain] o.apache.catalina.core.StandardService   : Starting service [Tomcat]
2026-02-11T11:27:51.506+05:30  INFO 5203 --- [QuotationSystem] [  restartedMain] o.apache.catalina.core.StandardEngine    : Starting Servlet engine: [Apache Tomcat/11.0.15]
2026-02-11T11:27:51.520+05:30  INFO 5203 --- [QuotationSystem] [  restartedMain] b.w.c.s.WebApplicationContextInitializer : Root WebApplicationContext: initialization completed in 556 ms
2026-02-11T11:27:51.572+05:30 DEBUG 5203 --- [QuotationSystem] [  restartedMain] c.q.config.JwtAuthenticationFilter       : Filter 'jwtAuthenticationFilter' configured for use
2026-02-11T11:27:51.603+05:30  INFO 5203 --- [QuotationSystem] [  restartedMain] org.hibernate.orm.jpa                    : HHH008540: Processing PersistenceUnitInfo [name: default]
2026-02-11T11:27:51.620+05:30  INFO 5203 --- [QuotationSystem] [  restartedMain] org.hibernate.orm.core                   : HHH000001: Hibernate ORM core version 7.2.1.Final
2026-02-11T11:27:51.744+05:30  INFO 5203 --- [QuotationSystem] [  restartedMain] o.s.o.j.p.SpringPersistenceUnitInfo      : No LoadTimeWeaver setup: ignoring JPA class transformer
2026-02-11T11:27:51.754+05:30  INFO 5203 --- [QuotationSystem] [  restartedMain] com.zaxxer.hikari.HikariDataSource       : HikariPool-1 - Starting...
2026-02-11T11:27:51.805+05:30  INFO 5203 --- [QuotationSystem] [  restartedMain] com.zaxxer.hikari.pool.HikariPool        : HikariPool-1 - Added connection com.mysql.cj.jdbc.ConnectionImpl@22e1b2cb
2026-02-11T11:27:51.805+05:30  INFO 5203 --- [QuotationSystem] [  restartedMain] com.zaxxer.hikari.HikariDataSource       : HikariPool-1 - Start completed.
2026-02-11T11:27:51.832+05:30  INFO 5203 --- [QuotationSystem] [  restartedMain] org.hibernate.orm.connections.pooling    : HHH10001005: Database info:
	Database JDBC URL [jdbc:mysql://localhost:3306/quotation_db?createDatabaseIfNotExist=true&allowPublicKeyRetrieval=true&useSSL=false]
	Database driver: MySQL Connector/J
	Database dialect: MySQLDialect
	Database version: 9.5
	Default catalog/schema: quotation_db/undefined
	Autocommit mode: undefined/unknown
	Isolation level: REPEATABLE_READ [default REPEATABLE_READ]
	JDBC fetch size: none
	Pool: DataSourceConnectionProvider
	Minimum pool size: undefined/unknown
	Maximum pool size: undefined/unknown
2026-02-11T11:27:51.949+05:30  INFO 5203 --- [QuotationSystem] [  restartedMain] org.hibernate.orm.core                   : HHH000489: No JTA platform available (set 'hibernate.transaction.jta.platform' to enable JTA platform integration)
2026-02-11T11:27:51.951+05:30  INFO 5203 --- [QuotationSystem] [  restartedMain] j.LocalContainerEntityManagerFactoryBean : Initialized JPA EntityManagerFactory for persistence unit 'default'
2026-02-11T11:27:52.009+05:30  WARN 5203 --- [QuotationSystem] [  restartedMain] JpaBaseConfiguration$JpaWebConfiguration : spring.jpa.open-in-view is enabled by default. Therefore, database queries may be performed during view rendering. Explicitly configure spring.jpa.open-in-view to disable this warning
2026-02-11T11:27:52.057+05:30  INFO 5203 --- [QuotationSystem] [  restartedMain] r$InitializeUserDetailsManagerConfigurer : Global AuthenticationManager configured with UserDetailsService bean with name customUserDetailsService
2026-02-11T11:27:52.166+05:30 DEBUG 5203 --- [QuotationSystem] [  restartedMain] o.s.s.web.DefaultSecurityFilterChain     : Will secure any request with filters: DisableEncodeUrlFilter, WebAsyncManagerIntegrationFilter, SecurityContextHolderFilter, HeaderWriterFilter, CorsFilter, LogoutFilter, JwtAuthenticationFilter, RequestCacheAwareFilter, SecurityContextHolderAwareRequestFilter, AnonymousAuthenticationFilter, SessionManagementFilter, ExceptionTranslationFilter, AuthorizationFilter
2026-02-11T11:27:52.355+05:30  WARN 5203 --- [QuotationSystem] [  restartedMain] ConfigServletWebServerApplicationContext : Exception encountered during context initialization - cancelling refresh attempt: org.springframework.context.ApplicationContextException: Failed to start bean 'webServerStartStop'
2026-02-11T11:27:52.356+05:30  INFO 5203 --- [QuotationSystem] [  restartedMain] j.LocalContainerEntityManagerFactoryBean : Closing JPA EntityManagerFactory for persistence unit 'default'
2026-02-11T11:27:52.358+05:30  INFO 5203 --- [QuotationSystem] [  restartedMain] com.zaxxer.hikari.HikariDataSource       : HikariPool-1 - Shutdown initiated...
2026-02-11T11:27:52.359+05:30  INFO 5203 --- [QuotationSystem] [  restartedMain] com.zaxxer.hikari.HikariDataSource       : HikariPool-1 - Shutdown completed.
2026-02-11T11:27:52.363+05:30  INFO 5203 --- [QuotationSystem] [  restartedMain] .s.b.a.l.ConditionEvaluationReportLogger : 

Error starting ApplicationContext. To display the condition evaluation report re-run your application with 'debug' enabled.
2026-02-11T11:27:52.369+05:30 ERROR 5203 --- [QuotationSystem] [  restartedMain] o.s.b.d.LoggingFailureAnalysisReporter   : 

***************************
APPLICATION FAILED TO START
***************************

Description:

Web server failed to start. Port 8080 was already in use.

Action:

Identify and stop the process that's listening on port 8080 or configure this application to listen on another port.

[INFO] ------------------------------------------------------------------------
[INFO] BUILD SUCCESS
[INFO] ------------------------------------------------------------------------
[INFO] Total time:  2.121 s
[INFO] Finished at: 2026-02-11T11:27:52+05:30
[INFO] ------------------------------------------------------------------------
